--------------------------------------------------------------------------------
Release 14.7 Trace  (nt64)
Copyright (c) 1995-2013 Xilinx, Inc.  All rights reserved.

C:\Xilinx\14.7\ISE_DS\ISE\bin\nt64\unwrapped\trce.exe -intstyle ise -v 3 -s 3
-n 3 -fastpaths -xml ALU.twx ALU.ncd -o ALU.twr ALU.pcf

Design file:              ALU.ncd
Physical constraint file: ALU.pcf
Device,package,speed:     xc6slx16,csg324,C,-3 (PRODUCTION 1.23 2013-10-13)
Report level:             verbose report

Environment Variable      Effect 
--------------------      ------ 
NONE                      No environment variables were set
--------------------------------------------------------------------------------

INFO:Timing:2698 - No timing constraints found, doing default enumeration.
INFO:Timing:3412 - To improve timing, see the Timing Closure User Guide (UG612).
INFO:Timing:2752 - To get complete path coverage, use the unconstrained paths 
   option. All paths that are not constrained will be reported in the 
   unconstrained paths section(s) of the report.
INFO:Timing:3339 - The clock-to-out numbers in this timing report are based on 
   a 50 Ohm transmission line loading model.  For the details of this model, 
   and for more information on accounting for different loading conditions, 
   please see the device datasheet.



Data Sheet report:
-----------------
All values displayed in nanoseconds (ns)

Pad to Pad
---------------+---------------+---------+
Source Pad     |Destination Pad|  Delay  |
---------------+---------------+---------+
inFlags<0>     |outFlags<0>    |   14.409|
inFlags<0>     |outFlags<2>    |   14.768|
inFlags<0>     |result<0>      |   13.590|
inFlags<0>     |result<1>      |   13.464|
inFlags<0>     |result<2>      |   13.310|
inFlags<0>     |result<3>      |   13.300|
inFlags<0>     |result<4>      |   13.290|
inFlags<0>     |result<5>      |   13.294|
inFlags<0>     |result<6>      |   13.781|
inFlags<0>     |result<7>      |   13.601|
inFlags<0>     |result<8>      |   13.776|
inFlags<0>     |result<9>      |   13.237|
inFlags<0>     |result<10>     |   13.178|
inFlags<0>     |result<11>     |   13.700|
inFlags<0>     |result<12>     |   13.526|
inFlags<0>     |result<13>     |   13.764|
inFlags<0>     |result<14>     |   13.817|
inFlags<0>     |result<15>     |   13.368|
inFlags<1>     |outFlags<1>    |   11.246|
inFlags<2>     |outFlags<2>    |   11.810|
inFlags<3>     |outFlags<3>    |   11.262|
inFlags<4>     |outFlags<4>    |    7.290|
input1<0>      |outFlags<0>    |   15.207|
input1<0>      |outFlags<1>    |   13.208|
input1<0>      |outFlags<2>    |   15.566|
input1<0>      |outFlags<3>    |   11.860|
input1<0>      |result<0>      |   14.128|
input1<0>      |result<1>      |   14.002|
input1<0>      |result<2>      |   13.848|
input1<0>      |result<3>      |   13.838|
input1<0>      |result<4>      |   13.867|
input1<0>      |result<5>      |   13.843|
input1<0>      |result<6>      |   14.443|
input1<0>      |result<7>      |   14.286|
input1<0>      |result<8>      |   14.495|
input1<0>      |result<9>      |   13.956|
input1<0>      |result<10>     |   13.897|
input1<0>      |result<11>     |   14.419|
input1<0>      |result<12>     |   14.266|
input1<0>      |result<13>     |   14.504|
input1<0>      |result<14>     |   14.557|
input1<0>      |result<15>     |   14.108|
input1<1>      |outFlags<0>    |   15.290|
input1<1>      |outFlags<1>    |   13.424|
input1<1>      |outFlags<2>    |   15.649|
input1<1>      |outFlags<3>    |   12.494|
input1<1>      |result<0>      |   11.833|
input1<1>      |result<1>      |   13.880|
input1<1>      |result<2>      |   13.771|
input1<1>      |result<3>      |   13.794|
input1<1>      |result<4>      |   13.950|
input1<1>      |result<5>      |   13.926|
input1<1>      |result<6>      |   14.526|
input1<1>      |result<7>      |   14.369|
input1<1>      |result<8>      |   14.578|
input1<1>      |result<9>      |   14.039|
input1<1>      |result<10>     |   13.980|
input1<1>      |result<11>     |   14.502|
input1<1>      |result<12>     |   14.349|
input1<1>      |result<13>     |   14.587|
input1<1>      |result<14>     |   14.640|
input1<1>      |result<15>     |   14.191|
input1<2>      |outFlags<0>    |   15.106|
input1<2>      |outFlags<1>    |   13.474|
input1<2>      |outFlags<2>    |   15.465|
input1<2>      |outFlags<3>    |   12.331|
input1<2>      |result<1>      |   11.682|
input1<2>      |result<2>      |   13.503|
input1<2>      |result<3>      |   13.577|
input1<2>      |result<4>      |   13.766|
input1<2>      |result<5>      |   13.742|
input1<2>      |result<6>      |   14.342|
input1<2>      |result<7>      |   14.185|
input1<2>      |result<8>      |   14.394|
input1<2>      |result<9>      |   13.855|
input1<2>      |result<10>     |   13.796|
input1<2>      |result<11>     |   14.318|
input1<2>      |result<12>     |   14.165|
input1<2>      |result<13>     |   14.403|
input1<2>      |result<14>     |   14.456|
input1<2>      |result<15>     |   14.007|
input1<3>      |outFlags<0>    |   15.235|
input1<3>      |outFlags<1>    |   13.415|
input1<3>      |outFlags<2>    |   15.594|
input1<3>      |outFlags<3>    |   12.560|
input1<3>      |result<2>      |   11.462|
input1<3>      |result<3>      |   13.680|
input1<3>      |result<4>      |   13.895|
input1<3>      |result<5>      |   13.871|
input1<3>      |result<6>      |   14.471|
input1<3>      |result<7>      |   14.314|
input1<3>      |result<8>      |   14.523|
input1<3>      |result<9>      |   13.984|
input1<3>      |result<10>     |   13.925|
input1<3>      |result<11>     |   14.447|
input1<3>      |result<12>     |   14.294|
input1<3>      |result<13>     |   14.532|
input1<3>      |result<14>     |   14.585|
input1<3>      |result<15>     |   14.136|
input1<4>      |outFlags<0>    |   15.373|
input1<4>      |outFlags<1>    |   13.452|
input1<4>      |outFlags<2>    |   15.732|
input1<4>      |outFlags<3>    |   13.033|
input1<4>      |result<3>      |   11.699|
input1<4>      |result<4>      |   13.898|
input1<4>      |result<5>      |   13.874|
input1<4>      |result<6>      |   14.453|
input1<4>      |result<7>      |   14.296|
input1<4>      |result<8>      |   14.505|
input1<4>      |result<9>      |   13.966|
input1<4>      |result<10>     |   14.027|
input1<4>      |result<11>     |   14.572|
input1<4>      |result<12>     |   14.432|
input1<4>      |result<13>     |   14.670|
input1<4>      |result<14>     |   14.723|
input1<4>      |result<15>     |   14.274|
input1<5>      |outFlags<0>    |   14.941|
input1<5>      |outFlags<1>    |   13.163|
input1<5>      |outFlags<2>    |   15.300|
input1<5>      |outFlags<3>    |   12.606|
input1<5>      |result<4>      |   11.390|
input1<5>      |result<5>      |   13.336|
input1<5>      |result<6>      |   13.957|
input1<5>      |result<7>      |   13.800|
input1<5>      |result<8>      |   14.009|
input1<5>      |result<9>      |   13.520|
input1<5>      |result<10>     |   13.595|
input1<5>      |result<11>     |   14.140|
input1<5>      |result<12>     |   14.000|
input1<5>      |result<13>     |   14.238|
input1<5>      |result<14>     |   14.291|
input1<5>      |result<15>     |   13.842|
input1<6>      |outFlags<0>    |   14.599|
input1<6>      |outFlags<1>    |   13.172|
input1<6>      |outFlags<2>    |   14.958|
input1<6>      |outFlags<3>    |   12.541|
input1<6>      |result<5>      |   11.143|
input1<6>      |result<6>      |   13.533|
input1<6>      |result<7>      |   13.372|
input1<6>      |result<8>      |   13.627|
input1<6>      |result<9>      |   13.178|
input1<6>      |result<10>     |   13.253|
input1<6>      |result<11>     |   13.798|
input1<6>      |result<12>     |   13.658|
input1<6>      |result<13>     |   13.896|
input1<6>      |result<14>     |   13.949|
input1<6>      |result<15>     |   13.500|
input1<7>      |outFlags<0>    |   15.305|
input1<7>      |outFlags<1>    |   13.434|
input1<7>      |outFlags<2>    |   15.664|
input1<7>      |outFlags<3>    |   12.512|
input1<7>      |result<6>      |   11.704|
input1<7>      |result<7>      |   13.927|
input1<7>      |result<8>      |   14.286|
input1<7>      |result<9>      |   13.884|
input1<7>      |result<10>     |   13.959|
input1<7>      |result<11>     |   14.504|
input1<7>      |result<12>     |   14.364|
input1<7>      |result<13>     |   14.602|
input1<7>      |result<14>     |   14.655|
input1<7>      |result<15>     |   14.206|
input1<8>      |outFlags<0>    |   15.461|
input1<8>      |outFlags<1>    |   13.150|
input1<8>      |outFlags<2>    |   15.820|
input1<8>      |outFlags<3>    |   12.306|
input1<8>      |result<7>      |   11.841|
input1<8>      |result<8>      |   14.307|
input1<8>      |result<9>      |   13.884|
input1<8>      |result<10>     |   13.959|
input1<8>      |result<11>     |   14.504|
input1<8>      |result<12>     |   14.364|
input1<8>      |result<13>     |   14.602|
input1<8>      |result<14>     |   14.655|
input1<8>      |result<15>     |   14.338|
input1<9>      |outFlags<0>    |   14.996|
input1<9>      |outFlags<1>    |   12.989|
input1<9>      |outFlags<2>    |   15.355|
input1<9>      |outFlags<3>    |   13.040|
input1<9>      |result<8>      |   12.159|
input1<9>      |result<9>      |   13.355|
input1<9>      |result<10>     |   13.430|
input1<9>      |result<11>     |   13.975|
input1<9>      |result<12>     |   13.835|
input1<9>      |result<13>     |   14.073|
input1<9>      |result<14>     |   14.145|
input1<9>      |result<15>     |   13.873|
input1<10>     |outFlags<0>    |   15.434|
input1<10>     |outFlags<1>    |   13.490|
input1<10>     |outFlags<2>    |   15.793|
input1<10>     |outFlags<3>    |   12.935|
input1<10>     |result<9>      |   12.296|
input1<10>     |result<10>     |   13.763|
input1<10>     |result<11>     |   14.304|
input1<10>     |result<12>     |   14.210|
input1<10>     |result<13>     |   14.448|
input1<10>     |result<14>     |   14.583|
input1<10>     |result<15>     |   14.311|
input1<11>     |outFlags<0>    |   14.608|
input1<11>     |outFlags<1>    |   12.971|
input1<11>     |outFlags<2>    |   14.967|
input1<11>     |outFlags<3>    |   12.550|
input1<11>     |result<10>     |   11.332|
input1<11>     |result<11>     |   13.371|
input1<11>     |result<12>     |   13.380|
input1<11>     |result<13>     |   13.590|
input1<11>     |result<14>     |   13.757|
input1<11>     |result<15>     |   13.485|
input1<12>     |outFlags<0>    |   15.827|
input1<12>     |outFlags<1>    |   13.999|
input1<12>     |outFlags<2>    |   16.186|
input1<12>     |outFlags<3>    |   12.825|
input1<12>     |result<11>     |   11.995|
input1<12>     |result<12>     |   14.503|
input1<12>     |result<13>     |   14.713|
input1<12>     |result<14>     |   14.859|
input1<12>     |result<15>     |   14.704|
input1<13>     |outFlags<0>    |   15.099|
input1<13>     |outFlags<1>    |   13.224|
input1<13>     |outFlags<2>    |   15.458|
input1<13>     |outFlags<3>    |   11.785|
input1<13>     |result<12>     |   11.198|
input1<13>     |result<13>     |   13.876|
input1<13>     |result<14>     |   14.063|
input1<13>     |result<15>     |   13.976|
input1<14>     |outFlags<0>    |   14.939|
input1<14>     |outFlags<1>    |   12.544|
input1<14>     |outFlags<2>    |   15.298|
input1<14>     |outFlags<3>    |   12.311|
input1<14>     |result<13>     |   11.524|
input1<14>     |result<14>     |   13.853|
input1<14>     |result<15>     |   13.816|
input1<15>     |outFlags<0>    |   15.078|
input1<15>     |outFlags<1>    |   12.093|
input1<15>     |outFlags<2>    |   15.437|
input1<15>     |outFlags<3>    |   11.980|
input1<15>     |result<14>     |   11.644|
input1<15>     |result<15>     |   13.955|
input2<0>      |outFlags<0>    |   15.840|
input2<0>      |outFlags<1>    |   13.756|
input2<0>      |outFlags<2>    |   16.199|
input2<0>      |outFlags<3>    |   12.847|
input2<0>      |result<0>      |   14.761|
input2<0>      |result<1>      |   14.635|
input2<0>      |result<2>      |   14.481|
input2<0>      |result<3>      |   14.471|
input2<0>      |result<4>      |   14.500|
input2<0>      |result<5>      |   14.476|
input2<0>      |result<6>      |   15.076|
input2<0>      |result<7>      |   14.919|
input2<0>      |result<8>      |   15.128|
input2<0>      |result<9>      |   14.589|
input2<0>      |result<10>     |   14.530|
input2<0>      |result<11>     |   15.052|
input2<0>      |result<12>     |   14.899|
input2<0>      |result<13>     |   15.137|
input2<0>      |result<14>     |   15.190|
input2<0>      |result<15>     |   14.741|
input2<1>      |outFlags<0>    |   15.605|
input2<1>      |outFlags<1>    |   13.757|
input2<1>      |outFlags<2>    |   15.964|
input2<1>      |outFlags<3>    |   12.882|
input2<1>      |result<1>      |   14.195|
input2<1>      |result<2>      |   14.086|
input2<1>      |result<3>      |   14.109|
input2<1>      |result<4>      |   14.265|
input2<1>      |result<5>      |   14.241|
input2<1>      |result<6>      |   14.841|
input2<1>      |result<7>      |   14.684|
input2<1>      |result<8>      |   14.893|
input2<1>      |result<9>      |   14.354|
input2<1>      |result<10>     |   14.295|
input2<1>      |result<11>     |   14.817|
input2<1>      |result<12>     |   14.664|
input2<1>      |result<13>     |   14.902|
input2<1>      |result<14>     |   14.955|
input2<1>      |result<15>     |   14.506|
input2<2>      |outFlags<0>    |   14.922|
input2<2>      |outFlags<1>    |   13.236|
input2<2>      |outFlags<2>    |   15.281|
input2<2>      |outFlags<3>    |   12.160|
input2<2>      |result<2>      |   13.319|
input2<2>      |result<3>      |   13.393|
input2<2>      |result<4>      |   13.582|
input2<2>      |result<5>      |   13.558|
input2<2>      |result<6>      |   14.158|
input2<2>      |result<7>      |   14.001|
input2<2>      |result<8>      |   14.210|
input2<2>      |result<9>      |   13.671|
input2<2>      |result<10>     |   13.612|
input2<2>      |result<11>     |   14.134|
input2<2>      |result<12>     |   13.981|
input2<2>      |result<13>     |   14.219|
input2<2>      |result<14>     |   14.272|
input2<2>      |result<15>     |   13.823|
input2<3>      |outFlags<0>    |   15.350|
input2<3>      |outFlags<1>    |   13.522|
input2<3>      |outFlags<2>    |   15.709|
input2<3>      |outFlags<3>    |   12.673|
input2<3>      |result<3>      |   13.795|
input2<3>      |result<4>      |   14.010|
input2<3>      |result<5>      |   13.986|
input2<3>      |result<6>      |   14.586|
input2<3>      |result<7>      |   14.429|
input2<3>      |result<8>      |   14.638|
input2<3>      |result<9>      |   14.099|
input2<3>      |result<10>     |   14.040|
input2<3>      |result<11>     |   14.562|
input2<3>      |result<12>     |   14.409|
input2<3>      |result<13>     |   14.647|
input2<3>      |result<14>     |   14.700|
input2<3>      |result<15>     |   14.251|
input2<4>      |outFlags<0>    |   15.599|
input2<4>      |outFlags<1>    |   13.790|
input2<4>      |outFlags<2>    |   15.958|
input2<4>      |outFlags<3>    |   12.467|
input2<4>      |result<4>      |   14.124|
input2<4>      |result<5>      |   14.100|
input2<4>      |result<6>      |   14.679|
input2<4>      |result<7>      |   14.522|
input2<4>      |result<8>      |   14.731|
input2<4>      |result<9>      |   14.192|
input2<4>      |result<10>     |   14.253|
input2<4>      |result<11>     |   14.798|
input2<4>      |result<12>     |   14.658|
input2<4>      |result<13>     |   14.896|
input2<4>      |result<14>     |   14.949|
input2<4>      |result<15>     |   14.500|
input2<5>      |outFlags<0>    |   15.370|
input2<5>      |outFlags<1>    |   13.305|
input2<5>      |outFlags<2>    |   15.729|
input2<5>      |outFlags<3>    |   12.749|
input2<5>      |result<5>      |   13.765|
input2<5>      |result<6>      |   14.386|
input2<5>      |result<7>      |   14.229|
input2<5>      |result<8>      |   14.438|
input2<5>      |result<9>      |   13.949|
input2<5>      |result<10>     |   14.024|
input2<5>      |result<11>     |   14.569|
input2<5>      |result<12>     |   14.429|
input2<5>      |result<13>     |   14.667|
input2<5>      |result<14>     |   14.720|
input2<5>      |result<15>     |   14.271|
input2<6>      |outFlags<0>    |   15.431|
input2<6>      |outFlags<1>    |   13.603|
input2<6>      |outFlags<2>    |   15.790|
input2<6>      |outFlags<3>    |   12.720|
input2<6>      |result<6>      |   14.365|
input2<6>      |result<7>      |   14.204|
input2<6>      |result<8>      |   14.459|
input2<6>      |result<9>      |   14.010|
input2<6>      |result<10>     |   14.085|
input2<6>      |result<11>     |   14.630|
input2<6>      |result<12>     |   14.490|
input2<6>      |result<13>     |   14.728|
input2<6>      |result<14>     |   14.781|
input2<6>      |result<15>     |   14.332|
input2<7>      |outFlags<0>    |   16.085|
input2<7>      |outFlags<1>    |   14.277|
input2<7>      |outFlags<2>    |   16.444|
input2<7>      |outFlags<3>    |   12.675|
input2<7>      |result<7>      |   14.707|
input2<7>      |result<8>      |   15.066|
input2<7>      |result<9>      |   14.664|
input2<7>      |result<10>     |   14.739|
input2<7>      |result<11>     |   15.284|
input2<7>      |result<12>     |   15.144|
input2<7>      |result<13>     |   15.382|
input2<7>      |result<14>     |   15.435|
input2<7>      |result<15>     |   14.986|
input2<8>      |outFlags<0>    |   15.137|
input2<8>      |outFlags<1>    |   13.381|
input2<8>      |outFlags<2>    |   15.496|
input2<8>      |outFlags<3>    |   12.577|
input2<8>      |result<8>      |   13.983|
input2<8>      |result<9>      |   13.560|
input2<8>      |result<10>     |   13.635|
input2<8>      |result<11>     |   14.180|
input2<8>      |result<12>     |   14.040|
input2<8>      |result<13>     |   14.278|
input2<8>      |result<14>     |   14.331|
input2<8>      |result<15>     |   14.014|
input2<9>      |outFlags<0>    |   15.605|
input2<9>      |outFlags<1>    |   14.078|
input2<9>      |outFlags<2>    |   15.964|
input2<9>      |outFlags<3>    |   13.428|
input2<9>      |result<9>      |   13.964|
input2<9>      |result<10>     |   14.039|
input2<9>      |result<11>     |   14.584|
input2<9>      |result<12>     |   14.444|
input2<9>      |result<13>     |   14.682|
input2<9>      |result<14>     |   14.754|
input2<9>      |result<15>     |   14.482|
input2<10>     |outFlags<0>    |   15.443|
input2<10>     |outFlags<1>    |   13.493|
input2<10>     |outFlags<2>    |   15.802|
input2<10>     |outFlags<3>    |   12.571|
input2<10>     |result<10>     |   13.772|
input2<10>     |result<11>     |   14.313|
input2<10>     |result<12>     |   14.219|
input2<10>     |result<13>     |   14.457|
input2<10>     |result<14>     |   14.592|
input2<10>     |result<15>     |   14.320|
input2<11>     |outFlags<0>    |   15.264|
input2<11>     |outFlags<1>    |   13.650|
input2<11>     |outFlags<2>    |   15.623|
input2<11>     |outFlags<3>    |   12.903|
input2<11>     |result<11>     |   14.027|
input2<11>     |result<12>     |   14.036|
input2<11>     |result<13>     |   14.246|
input2<11>     |result<14>     |   14.413|
input2<11>     |result<15>     |   14.141|
input2<12>     |outFlags<0>    |   15.369|
input2<12>     |outFlags<1>    |   13.585|
input2<12>     |outFlags<2>    |   15.728|
input2<12>     |outFlags<3>    |   12.806|
input2<12>     |result<12>     |   14.045|
input2<12>     |result<13>     |   14.255|
input2<12>     |result<14>     |   14.401|
input2<12>     |result<15>     |   14.246|
input2<13>     |outFlags<0>    |   15.431|
input2<13>     |outFlags<1>    |   13.537|
input2<13>     |outFlags<2>    |   15.790|
input2<13>     |outFlags<3>    |   12.627|
input2<13>     |result<13>     |   14.208|
input2<13>     |result<14>     |   14.395|
input2<13>     |result<15>     |   14.308|
input2<14>     |outFlags<0>    |   15.285|
input2<14>     |outFlags<1>    |   12.608|
input2<14>     |outFlags<2>    |   15.644|
input2<14>     |outFlags<3>    |   12.799|
input2<14>     |result<14>     |   14.199|
input2<14>     |result<15>     |   14.162|
input2<15>     |outFlags<0>    |   14.989|
input2<15>     |outFlags<1>    |   12.171|
input2<15>     |outFlags<2>    |   15.348|
input2<15>     |outFlags<3>    |   12.441|
input2<15>     |result<15>     |   13.866|
op<0>          |outFlags<0>    |   12.305|
op<0>          |outFlags<1>    |   11.408|
op<0>          |outFlags<2>    |   12.220|
op<0>          |result<0>      |   12.343|
op<0>          |result<1>      |   11.963|
op<0>          |result<2>      |   11.493|
op<0>          |result<3>      |   11.610|
op<0>          |result<4>      |   11.430|
op<0>          |result<5>      |   11.488|
op<0>          |result<6>      |   11.500|
op<0>          |result<7>      |   11.793|
op<0>          |result<8>      |   12.060|
op<0>          |result<9>      |   11.952|
op<0>          |result<10>     |   11.193|
op<0>          |result<11>     |   11.966|
op<0>          |result<12>     |   11.677|
op<0>          |result<13>     |   11.547|
op<0>          |result<14>     |   12.036|
op<0>          |result<15>     |   11.336|
op<1>          |outFlags<0>    |   12.290|
op<1>          |outFlags<1>    |   13.111|
op<1>          |outFlags<2>    |   12.826|
op<1>          |outFlags<3>    |   11.871|
op<1>          |result<0>      |   12.578|
op<1>          |result<1>      |   12.901|
op<1>          |result<2>      |   12.568|
op<1>          |result<3>      |   12.690|
op<1>          |result<4>      |   12.510|
op<1>          |result<5>      |   12.568|
op<1>          |result<6>      |   12.580|
op<1>          |result<7>      |   12.836|
op<1>          |result<8>      |   13.140|
op<1>          |result<9>      |   13.032|
op<1>          |result<10>     |   12.269|
op<1>          |result<11>     |   12.880|
op<1>          |result<12>     |   12.692|
op<1>          |result<13>     |   12.627|
op<1>          |result<14>     |   13.116|
op<1>          |result<15>     |   12.075|
op<2>          |outFlags<0>    |   12.067|
op<2>          |outFlags<1>    |   12.877|
op<2>          |outFlags<2>    |   12.833|
op<2>          |outFlags<3>    |   11.881|
op<2>          |result<0>      |   12.140|
op<2>          |result<1>      |   12.176|
op<2>          |result<2>      |   11.843|
op<2>          |result<3>      |   11.965|
op<2>          |result<4>      |   11.785|
op<2>          |result<5>      |   11.843|
op<2>          |result<6>      |   11.855|
op<2>          |result<7>      |   12.111|
op<2>          |result<8>      |   12.415|
op<2>          |result<9>      |   12.307|
op<2>          |result<10>     |   11.544|
op<2>          |result<11>     |   12.155|
op<2>          |result<12>     |   11.967|
op<2>          |result<13>     |   11.902|
op<2>          |result<14>     |   12.391|
op<2>          |result<15>     |   11.586|
op<3>          |outFlags<0>    |   11.483|
op<3>          |outFlags<1>    |   12.324|
op<3>          |outFlags<2>    |   11.688|
op<3>          |outFlags<3>    |   11.635|
op<3>          |result<0>      |   12.323|
op<3>          |result<1>      |   12.646|
op<3>          |result<2>      |   12.313|
op<3>          |result<3>      |   12.435|
op<3>          |result<4>      |   12.255|
op<3>          |result<5>      |   12.313|
op<3>          |result<6>      |   12.325|
op<3>          |result<7>      |   12.581|
op<3>          |result<8>      |   12.885|
op<3>          |result<9>      |   12.777|
op<3>          |result<10>     |   12.014|
op<3>          |result<11>     |   12.625|
op<3>          |result<12>     |   12.437|
op<3>          |result<13>     |   12.372|
op<3>          |result<14>     |   12.861|
op<3>          |result<15>     |   11.820|
op<4>          |outFlags<0>    |   11.282|
op<4>          |outFlags<1>    |   10.761|
op<4>          |outFlags<2>    |   11.598|
op<4>          |outFlags<3>    |   10.446|
op<4>          |result<0>      |   10.486|
op<4>          |result<1>      |   10.800|
op<4>          |result<2>      |   10.763|
op<4>          |result<3>      |   10.420|
op<4>          |result<4>      |   10.079|
op<4>          |result<5>      |   10.281|
op<4>          |result<6>      |   10.304|
op<4>          |result<7>      |   10.135|
op<4>          |result<8>      |   10.344|
op<4>          |result<9>      |   10.326|
op<4>          |result<10>     |   10.122|
op<4>          |result<11>     |   10.583|
op<4>          |result<12>     |   10.172|
op<4>          |result<13>     |    9.892|
op<4>          |result<14>     |   10.051|
op<4>          |result<15>     |    9.799|
---------------+---------------+---------+


Analysis completed Thu Sep 10 16:36:51 2015 
--------------------------------------------------------------------------------

Trace Settings:
-------------------------
Trace Settings 

Peak Memory Usage: 219 MB



